<?xml version="1.0" encoding="UTF-8"?>
<testsuites name="jest tests" tests="1" failures="0" time="5.344">
  <testsuite name="HelloWorld.vue" errors="0" failures="0" skipped="0" timestamp="2020-07-01T06:13:43" time="1.782" tests="1">
    <testcase classname="HelloWorld.vue renders props.msg when passed" name="HelloWorld.vue renders props.msg when passed" time="0.015">
    </testcase>
  </testsuite>
</testsuites>